// Jest Snapshot v1, https://goo.gl/fbAQLP

exports[`should render <Actions /> and compare with snapshot 1`] = `
<View
  accessibilityState={
    {
      "busy": undefined,
      "checked": undefined,
      "disabled": undefined,
      "expanded": undefined,
      "selected": undefined,
    }
  }
  accessibilityValue={
    {
      "max": undefined,
      "min": undefined,
      "now": undefined,
      "text": undefined,
    }
  }
  accessible={true}
  collapsable={false}
  focusable={true}
  onClick={[Function]}
  onResponderGrant={[Function]}
  onResponderMove={[Function]}
  onResponderRelease={[Function]}
  onResponderTerminate={[Function]}
  onResponderTerminationRequest={[Function]}
  onStartShouldSetResponder={[Function]}
  style={
    {
      "height": 26,
      "marginBottom": 10,
      "marginLeft": 10,
      "opacity": 1,
      "width": 26,
    }
  }
>
  <View
    style={
      [
        {
          "alignItems": "center",
          "borderColor": "#b2b2b2",
          "borderRadius": 13,
          "borderWidth": 2,
          "flex": 1,
          "justifyContent": "center",
        },
        undefined,
      ]
    }
  >
    <Text
      style={
        [
          {
            "backgroundColor": "transparent",
            "color": "#b2b2b2",
            "fontSize": 16,
            "fontWeight": "bold",
            "lineHeight": 16,
            "textAlign": "center",
          },
          undefined,
        ]
      }
    >
      +
    </Text>
  </View>
</View>
`;
