// Jest Snapshot v1, https://goo.gl/fbAQLP

exports[`should render <Actions /> and compare with snapshot 1`] = `
<View
  accessibilityState={
    {
      "busy": undefined,
      "checked": undefined,
      "disabled": undefined,
      "expanded": undefined,
      "selected": undefined,
    }
  }
  accessibilityValue={
    {
      "max": undefined,
      "min": undefined,
      "now": undefined,
      "text": undefined,
    }
  }
  accessible={true}
  collapsable={false}
  focusable={true}
  onBlur={[Function]}
  onClick={[Function]}
  onFocus={[Function]}
  onResponderGrant={[Function]}
  onResponderMove={[Function]}
  onResponderRelease={[Function]}
  onResponderTerminate={[Function]}
  onResponderTerminationRequest={[Function]}
  onStartShouldSetResponder={[Function]}
>
  <View
    collapsable={false}
    jestAnimatedProps={
      {
        "value": {},
      }
    }
    jestAnimatedStyle={
      {
        "value": {
          "opacity": 1,
        },
      }
    }
    jestInlineStyle={
      [
        [
          {
            "height": 26,
            "marginBottom": 10,
            "marginLeft": 10,
            "width": 26,
          },
          undefined,
        ],
      ]
    }
    style={
      [
        {
          "height": 26,
          "marginBottom": 10,
          "marginLeft": 10,
          "width": 26,
        },
        undefined,
        {
          "opacity": 1,
        },
      ]
    }
  >
    <View
      style={
        [
          {
            "flex": 1,
          },
          {
            "alignItems": "center",
            "justifyContent": "center",
          },
          {
            "borderColor": "#b2b2b2",
            "borderRadius": 13,
            "borderWidth": 2,
          },
          undefined,
        ]
      }
    >
      <Text
        style={
          [
            {
              "backgroundColor": "transparent",
              "color": "#b2b2b2",
              "fontSize": 16,
              "fontWeight": "bold",
              "lineHeight": 16,
              "textAlign": "center",
            },
            undefined,
          ]
        }
      >
        +
      </Text>
    </View>
  </View>
</View>
`;
