// Jest Snapshot v1, https://goo.gl/fbAQLP

exports[`should render <Bubble /> and compare with snapshot 1`] = `
<View
  style={
    [
      {
        "flex": 1,
      },
      {
        "alignItems": "flex-start",
      },
      undefined,
    ]
  }
>
  <View
    style={
      [
        {
          "backgroundColor": "#f0f0f0",
          "borderRadius": 15,
          "justifyContent": "flex-end",
          "marginRight": 60,
          "minHeight": 20,
        },
        null,
        null,
        undefined,
      ]
    }
  >
    <View
      accessibilityState={
        {
          "busy": undefined,
          "checked": undefined,
          "disabled": undefined,
          "expanded": undefined,
          "selected": undefined,
        }
      }
      accessibilityValue={
        {
          "max": undefined,
          "min": undefined,
          "now": undefined,
          "text": undefined,
        }
      }
      accessible={true}
      collapsable={false}
      focusable={true}
      onBlur={[Function]}
      onClick={[Function]}
      onFocus={[Function]}
      onResponderGrant={[Function]}
      onResponderMove={[Function]}
      onResponderRelease={[Function]}
      onResponderTerminate={[Function]}
      onResponderTerminationRequest={[Function]}
      onStartShouldSetResponder={[Function]}
    >
      <View>
        <View>
          <View
            style={
              [
                {
                  "marginBottom": 5,
                  "marginLeft": 10,
                  "marginRight": 10,
                  "marginTop": 5,
                },
                undefined,
              ]
            }
          >
            <Text
              style={
                [
                  {
                    "color": "black",
                  },
                  undefined,
                  undefined,
                ]
              }
              user={
                {
                  "_id": 1,
                }
              }
            >
              <Text>
                test
              </Text>
            </Text>
          </View>
        </View>
        <View
          style={
            [
              {
                "flexDirection": "row",
                "justifyContent": "flex-start",
              },
              undefined,
            ]
          }
        >
          <View
            style={
              [
                {
                  "marginBottom": 5,
                  "marginLeft": 10,
                  "marginRight": 10,
                },
                undefined,
              ]
            }
          >
            <Text
              style={
                [
                  {
                    "color": "#aaa",
                    "fontSize": 10,
                    "textAlign": "right",
                  },
                  undefined,
                ]
              }
            >
              7:20 PM
            </Text>
          </View>
        </View>
      </View>
    </View>
  </View>
</View>
`;
