// Jest Snapshot v1, https://goo.gl/fbAQLP

exports[`should render <Bubble /> and compare with snapshot 1`] = `
<View
  style={
    [
      {
        "alignItems": "flex-start",
        "flex": 1,
      },
      undefined,
    ]
  }
>
  <View
    style={
      [
        {
          "backgroundColor": "#f0f0f0",
          "borderRadius": 15,
          "justifyContent": "flex-end",
          "marginRight": 60,
          "minHeight": 20,
        },
        null,
        null,
        undefined,
      ]
    }
  >
    <View
      accessibilityRole="text"
      accessibilityState={
        {
          "busy": undefined,
          "checked": undefined,
          "disabled": undefined,
          "expanded": undefined,
          "selected": undefined,
        }
      }
      accessible={true}
      focusable={true}
      onClick={[Function]}
      onResponderGrant={[Function]}
      onResponderMove={[Function]}
      onResponderRelease={[Function]}
      onResponderTerminate={[Function]}
      onResponderTerminationRequest={[Function]}
      onStartShouldSetResponder={[Function]}
    >
      <View>
        <View
          style={
            [
              {},
              undefined,
            ]
          }
        >
          <Text
            style={
              [
                {
                  "color": "black",
                  "fontSize": 16,
                  "lineHeight": 20,
                  "marginBottom": 5,
                  "marginLeft": 10,
                  "marginRight": 10,
                  "marginTop": 5,
                },
                undefined,
                undefined,
              ]
            }
          >
            <Text
              style={
                [
                  [
                    {
                      "color": "black",
                      "fontSize": 16,
                      "lineHeight": 20,
                      "marginBottom": 5,
                      "marginLeft": 10,
                      "marginRight": 10,
                      "marginTop": 5,
                    },
                    undefined,
                    undefined,
                  ],
                  undefined,
                ]
              }
            >
              test
            </Text>
          </Text>
        </View>
      </View>
      <View
        style={
          [
            {
              "flexDirection": "row",
              "justifyContent": "flex-start",
            },
            undefined,
          ]
        }
      >
        <View
          style={
            [
              {
                "marginBottom": 5,
                "marginLeft": 10,
                "marginRight": 10,
              },
              undefined,
            ]
          }
        >
          <Text
            style={
              [
                {
                  "color": "#aaa",
                  "fontSize": 10,
                  "textAlign": "right",
                },
                undefined,
              ]
            }
          >
            7:20 PM
          </Text>
        </View>
      </View>
    </View>
  </View>
</View>
`;
