// Jest Snapshot v1, https://goo.gl/fbAQLP

exports[`should render <GiftedChat/> and compare with snapshot 1`] = `
<View
  style={
    {
      "flex": 1,
    }
  }
>
  <View
    onLayout={[Function]}
    style={
      [
        {
          "flex": 1,
        },
        {
          "overflow": "hidden",
        },
      ]
    }
    testID="GC_WRAPPER"
  />
</View>
`;

exports[`should render <GiftedChat/> with isKeyboardInternallyHandled=false 1`] = `
<View
  style={
    {
      "flex": 1,
    }
  }
>
  <View
    onLayout={[Function]}
    style={
      [
        {
          "flex": 1,
        },
        {
          "overflow": "hidden",
        },
      ]
    }
    testID="GC_WRAPPER"
  />
</View>
`;
