// Jest Snapshot v1, https://goo.gl/fbAQLP

exports[`should render <InputToolbar /> and compare with snapshot 1`] = `
<View
  style={
    [
      [
        {
          "backgroundColor": "#fff",
          "borderTopColor": "#b2b2b2",
          "borderTopWidth": 0.5,
        },
        undefined,
      ],
      undefined,
    ]
  }
>
  <View
    style={
      [
        [
          {
            "alignItems": "flex-end",
            "flexDirection": "row",
          },
          undefined,
        ],
        undefined,
      ]
    }
  >
    <View
      style={
        {
          "flex": 1,
        }
      }
    >
      <TextInput
        accessibilityLabel="Type a message..."
        accessible={true}
        enablesReturnKeyAutomatically={true}
        keyboardAppearance="default"
        multiline={true}
        onChange={[Function]}
        placeholder="Type a message..."
        placeholderTextColor="#b2b2b2"
        style={
          [
            [
              {
                "fontSize": 16,
                "lineHeight": 22,
                "paddingBottom": 10,
                "paddingTop": 8,
              },
              undefined,
            ],
            {
              "outlineStyle": "none",
            },
            {
              "height": undefined,
            },
            undefined,
          ]
        }
        testID="Type a message..."
        underlineColorAndroid="transparent"
        value=""
      />
    </View>
    <View
      collapsable={false}
      jestAnimatedProps={
        {
          "value": {},
        }
      }
      jestAnimatedStyle={
        {
          "value": {
            "opacity": 0,
          },
        }
      }
      jestInlineStyle={
        [
          {
            "justifyContent": "flex-end",
          },
          undefined,
        ]
      }
      pointerEvents="none"
      style={
        [
          {
            "justifyContent": "flex-end",
          },
          undefined,
          {
            "opacity": 0,
          },
        ]
      }
    >
      <View
        accessibilityLabel="send"
        accessibilityRole="button"
        accessibilityState={
          {
            "busy": undefined,
            "checked": undefined,
            "disabled": false,
            "expanded": undefined,
            "selected": undefined,
          }
        }
        accessibilityValue={
          {
            "max": undefined,
            "min": undefined,
            "now": undefined,
            "text": undefined,
          }
        }
        accessible={true}
        focusable={true}
        onClick={[Function]}
        onResponderGrant={[Function]}
        onResponderMove={[Function]}
        onResponderRelease={[Function]}
        onResponderTerminate={[Function]}
        onResponderTerminationRequest={[Function]}
        onStartShouldSetResponder={[Function]}
        testID="GC_SEND_TOUCHABLE"
      />
    </View>
  </View>
</View>
`;
