// Jest Snapshot v1, https://goo.gl/fbAQLP

exports[`should render <InputToolbar /> and compare with snapshot 1`] = `
<View
  style={
    [
      {
        "backgroundColor": "#fff",
        "borderTopColor": "#b2b2b2",
        "borderTopWidth": 0.5,
      },
      undefined,
    ]
  }
>
  <View
    style={
      [
        {
          "alignItems": "flex-end",
          "flexDirection": "row",
        },
        undefined,
      ]
    }
  >
    <TextInput
      accessibilityLabel="Type a message..."
      accessible={true}
      autoFocus={false}
      editable={true}
      enablesReturnKeyAutomatically={true}
      keyboardAppearance="default"
      multiline={true}
      onContentSizeChange={[Function]}
      placeholder="Type a message..."
      placeholderTextColor="#b2b2b2"
      style={
        [
          {
            "flex": 1,
          },
          {
            "fontSize": 16,
            "lineHeight": 22,
            "marginBottom": 5,
            "marginLeft": 10,
            "marginTop": 6,
          },
          undefined,
          {
            "height": 33,
          },
        ]
      }
      testID="Type a message..."
      underlineColorAndroid="transparent"
      value=""
    />
  </View>
</View>
`;
