// Jest Snapshot v1, https://goo.gl/fbAQLP

exports[`should render <LoadEarlier /> and compare with snapshot 1`] = `
<View
  accessibilityRole="button"
  accessibilityState={
    {
      "busy": undefined,
      "checked": undefined,
      "disabled": false,
      "expanded": undefined,
      "selected": undefined,
    }
  }
  accessibilityValue={
    {
      "max": undefined,
      "min": undefined,
      "now": undefined,
      "text": undefined,
    }
  }
  accessible={true}
  collapsable={false}
  focusable={true}
  onClick={[Function]}
  onResponderGrant={[Function]}
  onResponderMove={[Function]}
  onResponderRelease={[Function]}
  onResponderTerminate={[Function]}
  onResponderTerminationRequest={[Function]}
  onStartShouldSetResponder={[Function]}
  style={
    {
      "alignItems": "center",
      "marginBottom": 10,
      "marginTop": 5,
      "opacity": 1,
    }
  }
>
  <View
    style={
      [
        {
          "alignItems": "center",
          "backgroundColor": "#b2b2b2",
          "borderRadius": 15,
          "height": 30,
          "justifyContent": "center",
          "paddingLeft": 10,
          "paddingRight": 10,
        },
        undefined,
      ]
    }
  >
    <Text
      style={
        [
          {
            "backgroundColor": "transparent",
            "color": "#fff",
            "fontSize": 12,
          },
          undefined,
        ]
      }
    >
      Load earlier messages
    </Text>
  </View>
</View>
`;
