// Jest Snapshot v1, https://goo.gl/fbAQLP

exports[`should render <LoadEarlierMessages /> and compare with snapshot 1`] = `
<View
  accessibilityState={
    {
      "busy": undefined,
      "checked": undefined,
      "disabled": undefined,
      "expanded": undefined,
      "selected": undefined,
    }
  }
  accessibilityValue={
    {
      "max": undefined,
      "min": undefined,
      "now": undefined,
      "text": undefined,
    }
  }
  accessible={true}
  collapsable={false}
  focusable={true}
  onBlur={[Function]}
  onClick={[Function]}
  onFocus={[Function]}
  onResponderGrant={[Function]}
  onResponderMove={[Function]}
  onResponderRelease={[Function]}
  onResponderTerminate={[Function]}
  onResponderTerminationRequest={[Function]}
  onStartShouldSetResponder={[Function]}
>
  <View
    accessibilityRole="button"
    collapsable={false}
    disabled={false}
    jestAnimatedProps={
      {
        "value": {},
      }
    }
    jestAnimatedStyle={
      {
        "value": {
          "opacity": 1,
        },
      }
    }
    jestInlineStyle={
      [
        [
          {
            "alignItems": "center",
            "marginVertical": 10,
          },
          undefined,
        ],
      ]
    }
    style={
      [
        {
          "alignItems": "center",
          "marginVertical": 10,
        },
        undefined,
        {
          "opacity": 1,
        },
      ]
    }
  >
    <View
      style={
        [
          {
            "alignItems": "center",
            "justifyContent": "center",
          },
          {
            "backgroundColor": "#b2b2b2",
            "borderRadius": 15,
            "paddingHorizontal": 10,
            "paddingVertical": 5,
          },
          undefined,
        ]
      }
    >
      <View
        style={
          {
            "paddingBottom": 4,
            "paddingTop": 3,
          }
        }
      >
        <Text
          style={
            [
              {
                "backgroundColor": "transparent",
                "color": "#fff",
                "fontSize": 12,
                "lineHeight": 13,
              },
              undefined,
            ]
          }
        >
          Load earlier messages
        </Text>
      </View>
    </View>
  </View>
</View>
`;
