// Jest Snapshot v1, https://goo.gl/fbAQLP

exports[`MessageImage should  render <MessageImage /> and compare with snapshot 1`] = `
<View>
  <View
    accessibilityState={
      {
        "busy": undefined,
        "checked": undefined,
        "disabled": undefined,
        "expanded": undefined,
        "selected": undefined,
      }
    }
    accessibilityValue={
      {
        "max": undefined,
        "min": undefined,
        "now": undefined,
        "text": undefined,
      }
    }
    accessible={true}
    collapsable={false}
    focusable={true}
    onClick={[Function]}
    onResponderGrant={[Function]}
    onResponderMove={[Function]}
    onResponderRelease={[Function]}
    onResponderTerminate={[Function]}
    onResponderTerminationRequest={[Function]}
    onStartShouldSetResponder={[Function]}
    style={
      {
        "opacity": 1,
      }
    }
  >
    <Image
      onLayout={[Function]}
      resizeMode="cover"
      source={
        {
          "uri": "url://to/image.png",
        }
      }
      style={
        [
          {
            "borderRadius": 13,
            "height": 100,
            "margin": 3,
            "width": 150,
          },
          undefined,
        ]
      }
    />
  </View>
</View>
`;

exports[`MessageImage should not render <MessageImage /> and compare with snapshot 1`] = `null`;
