// Jest Snapshot v1, https://goo.gl/fbAQLP

exports[`should render <MessageContainer /> and compare with snapshot 1`] = `
<View
  style={
    Object {
      "flex": 1,
    }
  }
>
  <RCTScrollView
    ListFooterComponent={[Function]}
    automaticallyAdjustContentInsets={false}
    data={Array []}
    disableVirtualization={false}
    enableEmptySections={true}
    getItem={[Function]}
    getItemCount={[Function]}
    horizontal={false}
    initialListSize={20}
    initialNumToRender={10}
    keyExtractor={[Function]}
    maxToRenderPerBatch={10}
    numColumns={1}
    onContentSizeChange={[Function]}
    onEndReachedThreshold={2}
    onLayout={[Function]}
    onMomentumScrollEnd={[Function]}
    onScroll={[Function]}
    onScrollBeginDrag={[Function]}
    onScrollEndDrag={[Function]}
    pageSize={20}
    renderFooter={null}
    renderHeader={[Function]}
    renderItem={[Function]}
    scrollEventThrottle={50}
    stickyHeaderIndices={Array []}
    style={
      Object {
        "transform": Array [
          Object {
            "scaleY": -1,
          },
          Object {
            "perspective": 1280,
          },
        ],
      }
    }
    updateCellsBatchingPeriod={50}
    viewabilityConfigCallbackPairs={Array []}
    windowSize={21}
  >
    <View>
      <View
        onLayout={[Function]}
        style={null}
      >
        <View
          style={
            Object {
              "flex": 1,
              "transform": Array [
                Object {
                  "scaleY": -1,
                },
                Object {
                  "perspective": 1280,
                },
              ],
            }
          }
        />
      </View>
    </View>
  </RCTScrollView>
</View>
`;
