// Jest Snapshot v1, https://goo.gl/fbAQLP

exports[`MessageImage should  render <MessageImage /> and compare with snapshot 1`] = `
<View>
  <Lightbox
    activeProps={
      {
        "style": [
          {
            "flex": 1,
          },
          {
            "resizeMode": "contain",
          },
        ],
      }
    }
  >
    <Image
      source={
        {
          "uri": "url://to/image.png",
        }
      }
      style={
        [
          {
            "borderRadius": 13,
            "height": 100,
            "margin": 3,
            "resizeMode": "cover",
            "width": 150,
          },
          undefined,
        ]
      }
    />
  </Lightbox>
</View>
`;

exports[`MessageImage should not render <MessageImage /> and compare with snapshot 1`] = `null`;
