// Jest Snapshot v1, https://goo.gl/fbAQLP

exports[`should render <MessageContainer /> and compare with snapshot 1`] = `
<View
  style={
    Object {
      "flex": 1,
    }
  }
>
  <RCTScrollView
    automaticallyAdjustContentInsets={false}
    contentContainerStyle={Object {}}
    dataSource={
      ListViewDataSource {
        "items": 0,
      }
    }
    enableEmptySections={true}
    initialListSize={20}
    pageSize={20}
    renderFooter={[Function]}
    renderHeader={[Function]}
    renderRow={[Function]}
  >
    <View />
  </RCTScrollView>
</View>
`;
