// Jest Snapshot v1, https://goo.gl/fbAQLP

exports[`should render <MessageText /> and compare with snapshot 1`] = `
<View
  style={
    [
      {
        "marginBottom": 5,
        "marginLeft": 10,
        "marginRight": 10,
        "marginTop": 5,
      },
      undefined,
    ]
  }
>
  <Text
    style={
      [
        {
          "color": "black",
        },
        undefined,
        undefined,
      ]
    }
  >
    <Text>
      test message
    </Text>
  </Text>
</View>
`;
