// Jest Snapshot v1, https://goo.gl/fbAQLP

exports[`Send should always render <Send /> and compare with snapshot 1`] = `
<View
  accessibilityState={
    {
      "busy": undefined,
      "checked": undefined,
      "disabled": undefined,
      "expanded": undefined,
      "selected": undefined,
    }
  }
  accessibilityValue={
    {
      "max": undefined,
      "min": undefined,
      "now": undefined,
      "text": undefined,
    }
  }
  accessible={true}
  collapsable={false}
  focusable={true}
  onBlur={[Function]}
  onClick={[Function]}
  onFocus={[Function]}
  onResponderGrant={[Function]}
  onResponderMove={[Function]}
  onResponderRelease={[Function]}
  onResponderTerminate={[Function]}
  onResponderTerminationRequest={[Function]}
  onStartShouldSetResponder={[Function]}
>
  <View
    accessibilityLabel="send"
    accessibilityRole="button"
    accessible={true}
    collapsable={false}
    disabled={false}
    jestAnimatedProps={
      {
        "value": {},
      }
    }
    jestAnimatedStyle={
      {
        "value": {
          "opacity": 1,
        },
      }
    }
    jestInlineStyle={
      [
        [
          {
            "height": 44,
            "justifyContent": "flex-end",
          },
          undefined,
        ],
      ]
    }
    style={
      [
        {
          "height": 44,
          "justifyContent": "flex-end",
        },
        undefined,
        {
          "opacity": 1,
        },
      ]
    }
    testID="GC_SEND_TOUCHABLE"
  >
    <View>
      <Text
        style={
          [
            {
              "backgroundColor": "transparent",
              "color": "#0084ff",
              "fontSize": 17,
              "fontWeight": "600",
              "marginBottom": 12,
              "marginLeft": 10,
              "marginRight": 10,
            },
            undefined,
            undefined,
          ]
        }
      >
        Send
      </Text>
    </View>
  </View>
</View>
`;

exports[`Send should not render <Send /> and compare with snapshot 1`] = `null`;

exports[`Send should render <Send /> where there is input and compare with snapshot 1`] = `
<View
  accessibilityState={
    {
      "busy": undefined,
      "checked": undefined,
      "disabled": undefined,
      "expanded": undefined,
      "selected": undefined,
    }
  }
  accessibilityValue={
    {
      "max": undefined,
      "min": undefined,
      "now": undefined,
      "text": undefined,
    }
  }
  accessible={true}
  collapsable={false}
  focusable={true}
  onBlur={[Function]}
  onClick={[Function]}
  onFocus={[Function]}
  onResponderGrant={[Function]}
  onResponderMove={[Function]}
  onResponderRelease={[Function]}
  onResponderTerminate={[Function]}
  onResponderTerminationRequest={[Function]}
  onStartShouldSetResponder={[Function]}
>
  <View
    accessibilityLabel="send"
    accessibilityRole="button"
    accessible={true}
    collapsable={false}
    disabled={false}
    jestAnimatedProps={
      {
        "value": {},
      }
    }
    jestAnimatedStyle={
      {
        "value": {
          "opacity": 1,
        },
      }
    }
    jestInlineStyle={
      [
        [
          {
            "height": 44,
            "justifyContent": "flex-end",
          },
          undefined,
        ],
      ]
    }
    style={
      [
        {
          "height": 44,
          "justifyContent": "flex-end",
        },
        undefined,
        {
          "opacity": 1,
        },
      ]
    }
    testID="GC_SEND_TOUCHABLE"
  >
    <View>
      <Text
        style={
          [
            {
              "backgroundColor": "transparent",
              "color": "#0084ff",
              "fontSize": 17,
              "fontWeight": "600",
              "marginBottom": 12,
              "marginLeft": 10,
              "marginRight": 10,
            },
            undefined,
            undefined,
          ]
        }
      >
        Send
      </Text>
    </View>
  </View>
</View>
`;
