// Jest Snapshot v1, https://goo.gl/fbAQLP

exports[`SystemMessage should not render <SystemMessage /> and compare with snapshot 1`] = `null`;

exports[`SystemMessage should render <SystemMessage /> and compare with snapshot 1`] = `
<View
  style={
    [
      {
        "flex": 1,
      },
      {
        "alignItems": "center",
        "marginHorizontal": 10,
        "marginVertical": 5,
      },
    ]
  }
>
  <View
    style={
      [
        {
          "backgroundColor": "rgba(0,0,0,0.05)",
          "borderColor": "rgba(0,0,0,0.1)",
          "borderRadius": 20,
          "borderWidth": 1,
          "maxWidth": "70%",
          "paddingHorizontal": 10,
          "paddingVertical": 10,
        },
        undefined,
      ]
    }
  >
    <View
      style={
        [
          {
            "marginHorizontal": 10,
            "marginVertical": 5,
          },
          [
            {
              "marginHorizontal": 0,
              "marginVertical": 0,
            },
            undefined,
          ],
        ]
      }
    >
      <Text
        style={
          [
            {
              "color": "black",
            },
            undefined,
            [
              {
                "backgroundColor": "transparent",
                "fontSize": 12,
                "fontWeight": "300",
                "textAlign": "center",
              },
              undefined,
            ],
          ]
        }
      >
        test
      </Text>
    </View>
  </View>
</View>
`;
