// Jest Snapshot v1, https://goo.gl/fbAQLP

exports[`SystemMessage should not render <SystemMessage /> and compare with snapshot 1`] = `null`;

exports[`SystemMessage should render <SystemMessage /> and compare with snapshot 1`] = `
<View
  style={
    [
      {
        "flex": 1,
      },
      {
        "alignItems": "center",
        "justifyContent": "center",
      },
      {
        "marginBottom": 10,
        "marginTop": 5,
      },
      undefined,
    ]
  }
>
  <View>
    <View
      style={
        [
          {
            "marginBottom": 5,
            "marginLeft": 10,
            "marginRight": 10,
            "marginTop": 5,
          },
          {
            "marginBottom": 0,
            "marginLeft": 0,
            "marginRight": 0,
            "marginTop": 0,
          },
        ]
      }
    >
      <Text
        link={true}
        style={
          [
            {
              "color": "black",
            },
            undefined,
            [
              {
                "backgroundColor": "transparent",
                "color": "#b2b2b2",
                "fontSize": 12,
                "fontWeight": "300",
              },
              undefined,
            ],
          ]
        }
      >
        <Text>
          test
        </Text>
      </Text>
    </View>
  </View>
</View>
`;
